// Jest Snapshot v1, https://goo.gl/fbAQLP

exports[`Pagination should match a snapshot 1`] = `
<ul
  className="pagination"
/>
`;
