// Jest Snapshot v1, https://goo.gl/fbAQLP

exports[`TheList should match a snapshot 1`] = `""`;
