// Jest Snapshot v1, https://goo.gl/fbAQLP

exports[`App should match a snapshot 1`] = `
<div
  className="container"
>
  <RecipePageProvider>
    <RecipePage />
  </RecipePageProvider>
</div>
`;
